
> eventra-website@1.0.0 test
> npm run test:unit


> eventra-website@1.0.0 test:unit
> node --test tests/eventPaginationUtils.test.mjs tests/routeSearchUtils.test.mjs tests/userNameUtils.test.mjs tests/relativeTime.test.mjs tests/safeJsonParse.test.mjs tests/registerUtils.test.mjs tests/bookmarkUtils.test.mjs tests/auth.test.mjs tests/eventDraftUtils.test.mjs tests/exportCsv.test.mjs tests/hackathonFilterUtils.test.mjs tests/offlineQueue.test.mjs tests/colorTokens.test.mjs tests/themeConsistency.test.mjs tests/sseMultiplexer.test.mjs tests/cspReporting.test.mjs tests/Verifyauth.test.mjs tests/secureStorage.test.mjs tests/conflictDetection.test.mjs tests/eventRecommendationsResponsive.test.mjs tests/spatialSeatSelectorAccessibility.test.mjs tests/navbar.keyboard.test.mjs tests/shareModalUtils.test.mjs tests/distributedRateLimiter.test.mjs tests/serviceWorkerLeaderboard.test.mjs tests/eventReminder.test.mjs tests/p2pFileTransfer.test.mjs tests/useContrastChecker.test.mjs tests/errorRecovery.test.mjs tests/eventTimelineReplay.test.mjs tests/liveAudience.test.mjs tests/hostHackathonValidation.test.mjs tests/submitProjectValidation.test.mjs

TAP version 13
# Subtest: tests\\bookmarkUtils.test.mjs
ok 1 - tests\\bookmarkUtils.test.mjs
  ---
  duration_ms: 272.6385
  type: 'test'
  ...
# color tokens verified
# Subtest: tests\\colorTokens.test.mjs
ok 2 - tests\\colorTokens.test.mjs
  ---
  duration_ms: 174.514
  type: 'test'
  ...
# conflictDetection tests passed Γ£ô
# Subtest: tests\\conflictDetection.test.mjs
ok 3 - tests\\conflictDetection.test.mjs
  ---
  duration_ms: 318.8708
  type: 'test'
  ...
# cspReporting tests passed Γ£ô
# Subtest: tests\\cspReporting.test.mjs
ok 4 - tests\\cspReporting.test.mjs
  ---
  duration_ms: 164.9023
  type: 'test'
  ...
# [ENV] Using development fallback for: API_URL (VITE_API_URL or REACT_APP_API_URL) ΓåÆ http://localhost:8080
# error recovery categorization tests passed
# Subtest: tests\\errorRecovery.test.mjs
ok 5 - tests\\errorRecovery.test.mjs
  ---
  duration_ms: 181.6146
  type: 'test'
  ...
# Error saving draft: Error: Storage simulated error
#     at Object.setItem (file:///C:/Users/HP/OneDrive/Desktop/Padhai/OpenSource/WorkingOnCurrently/Fast/Eventra/tests/eventDraftUtils.test.mjs:14:27)
#     at saveDraft (file:///C:/Users/HP/OneDrive/Desktop/Padhai/OpenSource/WorkingOnCurrently/Fast/Eventra/src/utils/eventDraftUtils.js:24:18)
#     at file:///C:/Users/HP/OneDrive/Desktop/Padhai/OpenSource/WorkingOnCurrently/Fast/Eventra/tests/eventDraftUtils.test.mjs:43:1
#     at ModuleJob.run (node:internal/modules/esm/module_job:345:25)
#     at async onImport.tracePromise.__proto__ (node:internal/modules/esm/loader:651:26)
#     at async asyncRunEntryPointWithESMLoader (node:internal/modules/run_main:117:5)
# Error loading draft: Error: Storage simulated error
#     at Object.getItem (file:///C:/Users/HP/OneDrive/Desktop/Padhai/OpenSource/WorkingOnCurrently/Fast/Eventra/tests/eventDraftUtils.test.mjs:10:27)
#     at getDraft (file:///C:/Users/HP/OneDrive/Desktop/Padhai/OpenSource/WorkingOnCurrently/Fast/Eventra/src/utils/eventDraftUtils.js:35:30)
#     at file:///C:/Users/HP/OneDrive/Desktop/Padhai/OpenSource/WorkingOnCurrently/Fast/Eventra/tests/eventDraftUtils.test.mjs:44:14
#     at ModuleJob.run (node:internal/modules/esm/module_job:345:25)
#     at async onImport.tracePromise.__proto__ (node:internal/modules/esm/loader:651:26)
#     at async asyncRunEntryPointWithESMLoader (node:internal/modules/run_main:117:5)
# Error clearing draft: Error: Storage simulated error
#     at Object.removeItem (file:///C:/Users/HP/OneDrive/Desktop/Padhai/OpenSource/WorkingOnCurrently/Fast/Eventra/tests/eventDraftUtils.test.mjs:18:27)
#     at clearDraft (file:///C:/Users/HP/OneDrive/Desktop/Padhai/OpenSource/WorkingOnCurrently/Fast/Eventra/src/utils/eventDraftUtils.js:65:18)
#     at file:///C:/Users/HP/OneDrive/Desktop/Padhai/OpenSource/WorkingOnCurrently/Fast/Eventra/tests/eventDraftUtils.test.mjs:45:1
#     at ModuleJob.run (node:internal/modules/esm/module_job:345:25)
#     at async onImport.tracePromise.__proto__ (node:internal/modules/esm/loader:651:26)
#     at async asyncRunEntryPointWithESMLoader (node:internal/modules/run_main:117:5)
# Subtest: tests\\eventDraftUtils.test.mjs
ok 6 - tests\\eventDraftUtils.test.mjs
  ---
  duration_ms: 157.9115
  type: 'test'
  ...
# event pagination edge cases passed
# Subtest: tests\\eventPaginationUtils.test.mjs
ok 7 - tests\\eventPaginationUtils.test.mjs
  ---
  duration_ms: 178.2522
  type: 'test'
  ...
# EventRecommendations Responsive Carousel tests loaded Γ£ô
# Subtest: EventRecommendations Responsive Carousel Logic
    # Subtest: should return correct visibleCount based on viewport width breakpoints
    ok 1 - should return correct visibleCount based on viewport width breakpoints
      ---
      duration_ms: 1.3815
      type: 'test'
      ...
    # Subtest: should compute mathematically exact card width styling based on visibleCount
    ok 2 - should compute mathematically exact card width styling based on visibleCount
      ---
      duration_ms: 0.3338
      type: 'test'
      ...
    # Subtest: should compute mathematically exact translation styling based on current index and visibleCount
    ok 3 - should compute mathematically exact translation styling based on current index and visibleCount
      ---
      duration_ms: 0.2538
      type: 'test'
      ...
    1..3
ok 8 - EventRecommendations Responsive Carousel Logic
  ---
  duration_ms: 3.9694
  type: 'suite'
  ...
# Subtest: EventRecommendations Code Structure Integrity
    # Subtest: should use dynamic visibleCount state and window resize listener
    ok 1 - should use dynamic visibleCount state and window resize listener
      ---
      duration_ms: 0.6773
      type: 'test'
      ...
    # Subtest: should clamp currentIndex when visibleCount changes to prevent out-of-bounds rendering
    ok 2 - should clamp currentIndex when visibleCount changes to prevent out-of-bounds rendering
      ---
      duration_ms: 0.2442
      type: 'test'
      ...
    # Subtest: should render dynamic count of skeletons matching visibleCount
    ok 3 - should render dynamic count of skeletons matching visibleCount
      ---
      duration_ms: 0.2433
      type: 'test'
      ...
    # Subtest: should render navigation buttons only when events length exceeds visibleCount
    ok 4 - should render navigation buttons only when events length exceeds visibleCount
      ---
      duration_ms: 0.3706
      type: 'test'
      ...
    # Subtest: should apply dynamic width inline style and flexShrink: 0 on each card
    ok 5 - should apply dynamic width inline style and flexShrink: 0 on each card
      ---
      duration_ms: 0.5125
      type: 'test'
      ...
    # Subtest: should translate slider film strip dynamically using calc formula
    ok 6 - should translate slider film strip dynamically using calc formula
      ---
      duration_ms: 0.4907
      type: 'test'
      ...
    1..6
ok 9 - EventRecommendations Code Structure Integrity
  ---
  duration_ms: 3.8965
  type: 'suite'
  ...
# eventReminder scheduler and overflow tests passed Γ£ô
# Subtest: tests\\eventReminder.test.mjs
ok 9 - tests\\eventReminder.test.mjs
  ---
  duration_ms: 172.7005
  type: 'test'
  ...
# event timeline replay unit tests passed Γ£ô
# Subtest: tests\\eventTimelineReplay.test.mjs
ok 10 - tests\\eventTimelineReplay.test.mjs
  ---
  duration_ms: 212.6311
  type: 'test'
  ...
# exportCsv tests passed Γ£ô
# Subtest: tests\\exportCsv.test.mjs
ok 11 - tests\\exportCsv.test.mjs
  ---
  duration_ms: 171.9727
  type: 'test'
  ...
# Subtest: tests\\hackathonFilterUtils.test.mjs
ok 12 - tests\\hackathonFilterUtils.test.mjs
  ---
  duration_ms: 164.3762
  type: 'test'
  ...
# hostHackathonValidation tests passed Γ£ô
# Subtest: tests\\hostHackathonValidation.test.mjs
ok 13 - tests\\hostHackathonValidation.test.mjs
  ---
  duration_ms: 191.1989
  type: 'test'
  ...
# Subtest: useLiveAudience ΓÇö Source Contract Tests
    # Subtest: exports useLiveAudience as default
    ok 1 - exports useLiveAudience as default
      ---
      duration_ms: 1.5989
      type: 'test'
      ...
    # Subtest: uses useEffect to fetch initial data
    ok 2 - uses useEffect to fetch initial data
      ---
      duration_ms: 0.3281
      type: 'test'
      ...
    # Subtest: uses useMemo to sort questions
    ok 3 - uses useMemo to sort questions
      ---
      duration_ms: 0.3522
      type: 'test'
      ...
    # Subtest: implements submitQuestion, upvoteQuestion, deleteQuestion, and flagQuestion
    ok 4 - implements submitQuestion, upvoteQuestion, deleteQuestion, and flagQuestion
      ---
      duration_ms: 0.6209
      type: 'test'
      ...
    # Subtest: implements createPoll, updatePollStatus, and submitVote
    ok 5 - implements createPoll, updatePollStatus, and submitVote
      ---
      duration_ms: 0.3967
      type: 'test'
      ...
    1..5
ok 15 - useLiveAudience ΓÇö Source Contract Tests
  ---
  duration_ms: 9.8959
  type: 'suite'
  ...
# Subtest: Q&A Sorting Logic
    # Subtest: sorts questions by upvotes in descending order
    ok 1 - sorts questions by upvotes in descending order
      ---
      duration_ms: 0.9203
      type: 'test'
      ...
    # Subtest: sorts questions by creation time (newest first) when upvotes are equal
    ok 2 - sorts questions by creation time (newest first) when upvotes are equal
      ---
      duration_ms: 0.6643
      type: 'test'
      ...
    1..2
ok 16 - Q&A Sorting Logic
  ---
  duration_ms: 2.2461
  type: 'suite'
  ...
# Navbar keyboard navigation & accessibility tests loaded Γ£ô
# Subtest: NavbarLinks Accessibility & Keyboard Navigation
    # Subtest: should contain a document keydown listener for Escape key to close open groups
    ok 1 - should contain a document keydown listener for Escape key to close open groups
      ---
      duration_ms: 16.4788
      type: 'test'
      ...
    # Subtest: should support keydown event handling on the submenu toggle button
    ok 2 - should support keydown event handling on the submenu toggle button
      ---
      duration_ms: 0.384
      type: 'test'
      ...
    # Subtest: should have aria-expanded attribute on sub-item NavLink and toggle button
    ok 3 - should have aria-expanded attribute on sub-item NavLink and toggle button
      ---
      duration_ms: 0.2738
      type: 'test'
      ...
    # Subtest: should have aria-haspopup set to menu for non-vertical dropdown links
    ok 4 - should have aria-haspopup set to menu for non-vertical dropdown links
      ---
      duration_ms: 0.7641
      type: 'test'
      ...
    1..4
ok 17 - NavbarLinks Accessibility & Keyboard Navigation
  ---
  duration_ms: 23.355
  type: 'suite'
  ...
# All offlineQueue tests passed Γ£ô
# Subtest: tests\\offlineQueue.test.mjs
ok 16 - tests\\offlineQueue.test.mjs
  ---
  duration_ms: 211.1979
  type: 'test'
  ...
# Starting P2PFileTransferCoordinator tests...
# All P2PFileTransferCoordinator tests passed successfully! Γ£ô
# Subtest: tests\\p2pFileTransfer.test.mjs
ok 17 - tests\\p2pFileTransfer.test.mjs
  ---
  duration_ms: 169.1338
  type: 'test'
  ...
# Subtest: tests\\registerUtils.test.mjs
ok 18 - tests\\registerUtils.test.mjs
  ---
  duration_ms: 160.3045
  type: 'test'
  ...
# relativeTime edge case tests passed Γ£ô
# Subtest: tests\\relativeTime.test.mjs
ok 19 - tests\\relativeTime.test.mjs
  ---
  duration_ms: 196.7968
  type: 'test'
  ...
# route search query matching passed
# Subtest: tests\\routeSearchUtils.test.mjs
ok 20 - tests\\routeSearchUtils.test.mjs
  ---
  duration_ms: 203.6559
  type: 'test'
  ...
# safeJsonParse silent fallback tests passed Γ£ô
# Subtest: tests\\safeJsonParse.test.mjs
ok 21 - tests\\safeJsonParse.test.mjs
  ---
  duration_ms: 154.6228
  type: 'test'
  ...
# TEST CRYPTO ACTIVE: true
# TEST CRYPTO ACTIVE: true
# Subtest: syncSecureStorage
    # Subtest: setItem
        # Subtest: returns true on successful write
        ok 1 - returns true on successful write
          ---
          duration_ms: 33.9947
          type: 'test'
          ...
# TEST CRYPTO ACTIVE: true
# [secureStorage] setItem failed: Error: QuotaExceededError
#     at mockStorage.setItem (file:///C:/Users/HP/OneDrive/Desktop/Padhai/OpenSource/WorkingOnCurrently/Fast/Eventra/tests/secureStorage.test.mjs:162:45)
#     at writeWithEncryption (file:///C:/Users/HP/OneDrive/Desktop/Padhai/OpenSource/WorkingOnCurrently/Fast/Eventra/src/utils/secureStorage.js:632:16)
#     at async Object.setItem (file:///C:/Users/HP/OneDrive/Desktop/Padhai/OpenSource/WorkingOnCurrently/Fast/Eventra/src/utils/secureStorage.js:660:7)
#     at async TestContext.<anonymous> (file:///C:/Users/HP/OneDrive/Desktop/Padhai/OpenSource/WorkingOnCurrently/Fast/Eventra/tests/secureStorage.test.mjs:163:24)
#     at async Test.run (node:internal/test_runner/test:1054:7)
#     at async Suite.processPendingSubtests (node:internal/test_runner/test:744:7)
        # Subtest: writes a value that can be retrieved synchronously via getItem
        ok 2 - writes a value that can be retrieved synchronously via getItem
          ---
          duration_ms: 29.5047
          type: 'test'
          ...
# TEST CRYPTO ACTIVE: true
        # Subtest: returns false when localStorage.setItem throws
        ok 3 - returns false when localStorage.setItem throws
          ---
          duration_ms: 30.8981
          type: 'test'
          ...
        1..3
    ok 1 - setItem
      ---
      duration_ms: 96.2908
      type: 'suite'
      ...
# TEST CRYPTO ACTIVE: true
    # Subtest: getItem
        # Subtest: returns null for a missing key
        ok 1 - returns null for a missing key
          ---
          duration_ms: 30.9974
          type: 'test'
          ...
# TEST CRYPTO ACTIVE: true
        # Subtest: returns non-null after a value is stored
        ok 2 - returns non-null after a value is stored
          ---
          duration_ms: 31.2238
          type: 'test'
          ...
        1..2
    ok 2 - getItem
      ---
      duration_ms: 62.6612
      type: 'suite'
      ...
# TEST CRYPTO ACTIVE: true
    # Subtest: removeItem
        # Subtest: removes a stored value so getItem returns null
        ok 1 - removes a stored value so getItem returns null
          ---
          duration_ms: 31.4365
          type: 'test'
          ...
# TEST CRYPTO ACTIVE: true
        # Subtest: does not throw when removing a key that does not exist
        ok 2 - does not throw when removing a key that does not exist
          ---
          duration_ms: 32.1336
          type: 'test'
          ...
        1..2
    ok 3 - removeItem
      ---
      duration_ms: 64.335
      type: 'suite'
      ...
# TEST CRYPTO ACTIVE: true
    # Subtest: clear
        # Subtest: removes all stored keys
        ok 1 - removes all stored keys
          ---
          duration_ms: 46.4999
          type: 'test'
          ...
        1..1
    ok 4 - clear
      ---
      duration_ms: 46.857
      type: 'suite'
      ...
    # Subtest: isEncryptionActive
        # Subtest: returns a boolean
        ok 1 - returns a boolean
          ---
          duration_ms: 31.2122
          type: 'test'
          ...
        1..1
    ok 5 - isEncryptionActive
      ---
      duration_ms: 31.5245
      type: 'suite'
      ...
    1..5
ok 24 - syncSecureStorage
  ---
  duration_ms: 303.1712
  type: 'suite'
  ...
# Subtest: Authorization field stripping (persistSession security contract)
    # Subtest: display profile stored in localStorage does NOT contain roles
    ok 1 - display profile stored in localStorage does NOT contain roles
      ---
      duration_ms: 62.6845
      type: 'test'
      ...
    # Subtest: display profile preserves non-sensitive identity fields
    ok 2 - display profile preserves non-sensitive identity fields
      ---
      duration_ms: 31.8019
      type: 'test'
      ...
    # Subtest: an XSS payload reading localStorage cannot obtain admin role
    ok 3 - an XSS payload reading localStorage cannot obtain admin role
      ---
      duration_ms: 61.6266
      type: 'test'
      ...
    # Subtest: an XSS payload reading localStorage cannot obtain scopes for privilege check
    ok 4 - an XSS payload reading localStorage cannot obtain scopes for privilege check
      ---
      duration_ms: 61.3004
      type: 'test'
      ...
    # Subtest: stripping fields does not affect the in-memory user state
    ok 5 - stripping fields does not affect the in-memory user state
      ---
      duration_ms: 31.4872
      type: 'test'
      ...
    1..5
ok 25 - Authorization field stripping (persistSession security contract)
  ---
  duration_ms: 249.6653
  type: 'suite'
  ...
# Subtest: syncSecureStorage edge cases
    # Subtest: handles storing an empty string
    ok 1 - handles storing an empty string
      ---
      duration_ms: 31.2271
      type: 'test'
      ...
    # Subtest: handles storing JSON with special characters
    ok 2 - handles storing JSON with special characters
      ---
      duration_ms: 31.9445
      type: 'test'
      ...
    # Subtest: handles overwriting an existing key
    ok 3 - handles overwriting an existing key
      ---
      duration_ms: 30.4318
      type: 'test'
      ...
    # Subtest: removeItem on non-existent key does not throw
    ok 4 - removeItem on non-existent key does not throw
      ---
      duration_ms: 30.7434
      type: 'test'
      ...
    # Subtest: getItem on non-existent key returns null
    ok 5 - getItem on non-existent key returns null
      ---
      duration_ms: 32.0296
      type: 'test'
      ...
    1..5
ok 26 - syncSecureStorage edge cases
  ---
  duration_ms: 157.9474
  type: 'suite'
  ...
# Subtest: CRYPTO_CONFIG
    # Subtest: should have centralized configuration object
    ok 1 - should have centralized configuration object
      ---
      duration_ms: 0.5199
      type: 'test'
      ...
    # Subtest: should have VERSION set to 1
    ok 2 - should have VERSION set to 1
      ---
      duration_ms: 0.0971
      type: 'test'
      ...
    # Subtest: should use AES-GCM algorithm
    ok 3 - should use AES-GCM algorithm
      ---
      duration_ms: 0.0829
      type: 'test'
      ...
    # Subtest: should have KEY_LENGTH of 256
    ok 4 - should have KEY_LENGTH of 256
      ---
      duration_ms: 0.071
      type: 'test'
      ...
    # Subtest: should have IV_LENGTH of 12
    ok 5 - should have IV_LENGTH of 12
      ---
      duration_ms: 0.0698
      type: 'test'
      ...
    # Subtest: should have PBKDF2_ITERATIONS of 100000
    ok 6 - should have PBKDF2_ITERATIONS of 100000
      ---
      duration_ms: 0.0673
      type: 'test'
      ...
    # Subtest: should return a copy of config, not the original
    ok 7 - should return a copy of config, not the original
      ---
      duration_ms: 0.0812
      type: 'test'
      ...
    1..7
ok 27 - CRYPTO_CONFIG
  ---
  duration_ms: 1.3345
  type: 'suite'
  ...
# Subtest: Key Metadata
    # Subtest: should create key metadata on first initialization
    ok 1 - should create key metadata on first initialization
      ---
      duration_ms: 0.1982
      type: 'test'
      ...
    # Subtest: should store metadata in localStorage
    ok 2 - should store metadata in localStorage
      ---
      duration_ms: 0.109
      type: 'test'
      ...
    # Subtest: should load existing metadata from localStorage
    ok 3 - should load existing metadata from localStorage
      ---
      duration_ms: 0.2239
      type: 'test'
      ...
    # Subtest: should include version in metadata
    ok 4 - should include version in metadata
      ---
      duration_ms: 0.1047
      type: 'test'
      ...
    # Subtest: should include creation timestamp in metadata
    ok 5 - should include creation timestamp in metadata
      ---
      duration_ms: 0.1156
      type: 'test'
      ...
    # Subtest: should include iteration count in metadata
    ok 6 - should include iteration count in metadata
      ---
      duration_ms: 0.0924
      type: 'test'
      ...
    # Subtest: should include algorithm in metadata
    ok 7 - should include algorithm in metadata
      ---
      duration_ms: 0.0885
      type: 'test'
      ...
    # Subtest: should include key length in metadata
    ok 8 - should include key length in metadata
      ---
      duration_ms: 0.0888
      type: 'test'
      ...
    1..8
ok 28 - Key Metadata
  ---
  duration_ms: 1.2384
  type: 'suite'
  ...
# Subtest: Encryption/Decryption - Versioned Format
    # Subtest: should encrypt and decrypt values successfully
    ok 1 - should encrypt and decrypt values successfully
      ---
      duration_ms: 1.6843
      type: 'test'
      ...
    # Subtest: should store versioned payload as JSON
    ok 2 - should store versioned payload as JSON
      ---
      duration_ms: 40.9398
      type: 'test'
      ...
    # Subtest: should include version field in encrypted payload
    ok 3 - should include version field in encrypted payload
      ---
      duration_ms: 31.8421
      type: 'test'
      ...
# [secureStorage] Key rotation failed: Error: QuotaExceededError
#     at mockStorage.setItem (file:///C:/Users/HP/OneDrive/Desktop/Padhai/OpenSource/WorkingOnCurrently/Fast/Eventra/tests/secureStorage.test.mjs:836:43)
#     at rotateKey (file:///C:/Users/HP/OneDrive/Desktop/Padhai/OpenSource/WorkingOnCurrently/Fast/Eventra/src/utils/secureStorage.js:516:18)
#     at file:///C:/Users/HP/OneDrive/Desktop/Padhai/OpenSource/WorkingOnCurrently/Fast/Eventra/tests/secureStorage.test.mjs:840:29
#     at waitForActual (node:assert:630:21)
#     at Function.rejects (node:assert:767:31)
#     at TestContext.<anonymous> (file:///C:/Users/HP/OneDrive/Desktop/Padhai/OpenSource/WorkingOnCurrently/Fast/Eventra/tests/secureStorage.test.mjs:839:22)
#     at Test.runInAsyncScope (node:async_hooks:214:14)
#     at Test.run (node:internal/test_runner/test:1047:25)
#     at async Suite.processPendingSubtests (node:internal/test_runner/test:744:7)
# [secureStorage] Failed to refresh key material: TypeError: Cannot read properties of undefined (reading '_store')
#     at getItem (file:///C:/Users/HP/OneDrive/Desktop/Padhai/OpenSource/WorkingOnCurrently/Fast/Eventra/tests/secureStorage.test.mjs:20:54)
#     at mockStorage.getItem (file:///C:/Users/HP/OneDrive/Desktop/Padhai/OpenSource/WorkingOnCurrently/Fast/Eventra/tests/secureStorage.test.mjs:856:18)
#     at refreshKeyMaterial (file:///C:/Users/HP/OneDrive/Desktop/Padhai/OpenSource/WorkingOnCurrently/Fast/Eventra/src/utils/secureStorage.js:255:41)
#     at rotateKey (file:///C:/Users/HP/OneDrive/Desktop/Padhai/OpenSource/WorkingOnCurrently/Fast/Eventra/src/utils/secureStorage.js:521:5)
#     at file:///C:/Users/HP/OneDrive/Desktop/Padhai/OpenSource/WorkingOnCurrently/Fast/Eventra/tests/secureStorage.test.mjs:867:29
#     at waitForActual (node:assert:630:21)
#     at Function.rejects (node:assert:767:31)
#     at TestContext.<anonymous> (file:///C:/Users/HP/OneDrive/Desktop/Padhai/OpenSource/WorkingOnCurrently/Fast/Eventra/tests/secureStorage.test.mjs:866:22)
#     at Test.runInAsyncScope (node:async_hooks:214:14)
#     at Test.run (node:internal/test_runner/test:1047:25)
# [secureStorage] Key rotation failed: Error: Key material refresh failed: Cannot read properties of undefined (reading '_store')
#     at refreshKeyMaterial (file:///C:/Users/HP/OneDrive/Desktop/Padhai/OpenSource/WorkingOnCurrently/Fast/Eventra/src/utils/secureStorage.js:279:11)
#     at rotateKey (file:///C:/Users/HP/OneDrive/Desktop/Padhai/OpenSource/WorkingOnCurrently/Fast/Eventra/src/utils/secureStorage.js:521:5)
#     at file:///C:/Users/HP/OneDrive/Desktop/Padhai/OpenSource/WorkingOnCurrently/Fast/Eventra/tests/secureStorage.test.mjs:867:29
#     at waitForActual (node:assert:630:21)
#     at Function.rejects (node:assert:767:31)
#     at TestContext.<anonymous> (file:///C:/Users/HP/OneDrive/Desktop/Padhai/OpenSource/WorkingOnCurrently/Fast/Eventra/tests/secureStorage.test.mjs:866:22)
#     at Test.runInAsyncScope (node:async_hooks:214:14)
#     at Test.run (node:internal/test_runner/test:1047:25)
#     at async Suite.processPendingSubtests (node:internal/test_runner/test:744:7)
    # Subtest: should generate different ciphertext for same value (random IV)
    ok 4 - should generate different ciphertext for same value (random IV)
      ---
      duration_ms: 63.0002
      type: 'test'
      ...
    # Subtest: should handle empty strings
    ok 5 - should handle empty strings
      ---
      duration_ms: 0.3119
      type: 'test'
      ...
    # Subtest: should handle special characters
    ok 6 - should handle special characters
      ---
      duration_ms: 0.3435
      type: 'test'
      ...
    # Subtest: should handle long strings
    ok 7 - should handle long strings
      ---
      duration_ms: 2.419
      type: 'test'
      ...
    1..7
ok 29 - Encryption/Decryption - Versioned Format
  ---
  duration_ms: 140.9816
  type: 'suite'
  ...
# Subtest: Backward Compatibility - Legacy Format
    # Subtest: should decrypt legacy format (iv:ciphertext)
    ok 1 - should decrypt legacy format (iv:ciphertext)
      ---
      duration_ms: 0.3214
      type: 'test'
      ...
    # Subtest: should handle malformed legacy format
    ok 2 - should handle malformed legacy format
      ---
      duration_ms: 0.1422
      type: 'test'
      ...
    # Subtest: should handle legacy format with missing colon
    ok 3 - should handle legacy format with missing colon
      ---
      duration_ms: 0.1341
      type: 'test'
      ...
    1..3
ok 30 - Backward Compatibility - Legacy Format
  ---
  duration_ms: 0.6991
  type: 'suite'
  ...
# Subtest: Version Handling
    # Subtest: should reject unsupported payload versions
    ok 1 - should reject unsupported payload versions
      ---
      duration_ms: 0.267
      type: 'test'
      ...
    # Subtest: should handle version 1 payloads correctly
    ok 2 - should handle version 1 payloads correctly
      ---
      duration_ms: 0.1708
      type: 'test'
      ...
    # Subtest: should detect versioned format by checking for version field
    ok 3 - should detect versioned format by checking for version field
      ---
      duration_ms: 0.1365
      type: 'test'
      ...
    1..3
ok 31 - Version Handling
  ---
  duration_ms: 0.6624
  type: 'suite'
  ...
# Subtest: Key Rotation
    # Subtest: should rotate the encryption key
    ok 1 - should rotate the encryption key
      ---
      duration_ms: 0.4295
      type: 'test'
      ...
    # Subtest: should update key material on rotation
    ok 2 - should update key material on rotation
      ---
      duration_ms: 0.152
      type: 'test'
      ...
    # Subtest: should update metadata with rotation timestamp
    ok 3 - should update metadata with rotation timestamp
      ---
      duration_ms: 0.147
      type: 'test'
      ...
    # Subtest: should preserve metadata structure after rotation
    ok 4 - should preserve metadata structure after rotation
      ---
      duration_ms: 0.1414
      type: 'test'
      ...
    # Subtest: Successful Rotation
        # Subtest: should encrypt before rotation, rotate, encrypt after, and decrypt after
        ok 1 - should encrypt before rotation, rotate, encrypt after, and decrypt after
          ---
          duration_ms: 0.3212
          type: 'test'
          ...
        # Subtest: should generate different key material after rotation
        ok 2 - should generate different key material after rotation
          ---
          duration_ms: 0.1468
          type: 'test'
          ...
        # Subtest: should generate different salt after rotation
        ok 3 - should generate different salt after rotation
          ---
          duration_ms: 0.1455
          type: 'test'
          ...
        1..3
    ok 5 - Successful Rotation
      ---
      duration_ms: 0.703
      type: 'suite'
      ...
    # Subtest: Consecutive Rotations
        # Subtest: should handle multiple back-to-back rotations
        ok 1 - should handle multiple back-to-back rotations
          ---
          duration_ms: 0.4686
          type: 'test'
          ...
        # Subtest: should maintain state consistency across consecutive rotations
        ok 2 - should maintain state consistency across consecutive rotations
          ---
          duration_ms: 0.6915
          type: 'test'
          ...
        1..2
    ok 6 - Consecutive Rotations
      ---
      duration_ms: 1.2356
      type: 'suite'
      ...
    # Subtest: Failure Cases
        # Subtest: should throw when crypto is not supported
        ok 1 - should throw when crypto is not supported
          ---
          duration_ms: 0.1349
          type: 'test'
          ...
        # Subtest: should validate generated key material length
        ok 2 - should validate generated key material length
          ---
          duration_ms: 0.1756
          type: 'test'
          ...
        # Subtest: should validate generated salt length
        ok 3 - should validate generated salt length
          ---
          duration_ms: 0.11
          type: 'test'
          ...
        # Subtest: should handle localStorage write failures gracefully
        ok 4 - should handle localStorage write failures gracefully
          ---
          duration_ms: 1.3136
          type: 'test'
          ...
        # Subtest: should validate material read back from localStorage
        ok 5 - should validate material read back from localStorage
          ---
          duration_ms: 0.6025
          type: 'test'
          ...
        1..5
    ok 7 - Failure Cases
      ---
      duration_ms: 2.5082
      type: 'suite'
      ...
    # Subtest: Regression Tests
        # Subtest: should preserve previously encrypted values after rotation
        ok 1 - should preserve previously encrypted values after rotation
          ---
          duration_ms: 0.333
          type: 'test'
          ...
        # Subtest: should not leave stale key references after rotation
        ok 2 - should not leave stale key references after rotation
          ---
          duration_ms: 0.3455
          type: 'test'
          ...
        # Subtest: should maintain metadata integrity across rotations
        ok 3 - should maintain metadata integrity across rotations
          ---
          duration_ms: 0.1846
          type: 'test'
          ...
        1..3
    ok 8 - Regression Tests
      ---
      duration_ms: 0.9719
      type: 'suite'
      ...
    1..8
ok 32 - Key Rotation
  ---
  duration_ms: 6.5089
  type: 'suite'
  ...
# Subtest: Storage API Extensions
    # Subtest: should expose getKeyMetadata through API
    ok 1 - should expose getKeyMetadata through API
      ---
      duration_ms: 0.2412
      type: 'test'
      ...
    # Subtest: should expose getCryptoConfig through API
    ok 2 - should expose getCryptoConfig through API
      ---
      duration_ms: 0.1074
      type: 'test'
      ...
    # Subtest: should expose rotateKey through API
    ok 3 - should expose rotateKey through API
      ---
      duration_ms: 0.1432
      type: 'test'
      ...
    1..3
ok 33 - Storage API Extensions
  ---
  duration_ms: 0.5794
  type: 'suite'
  ...
# Subtest: Integration Tests
    # Subtest: should complete full write-read cycle
    ok 1 - should complete full write-read cycle
      ---
      duration_ms: 1.1295
      type: 'test'
      ...
    # Subtest: should handle multiple keys independently
    ok 2 - should handle multiple keys independently
      ---
      duration_ms: 0.2975
      type: 'test'
      ...
    # Subtest: should maintain data integrity after key rotation
    ok 3 - should maintain data integrity after key rotation
      ---
      duration_ms: 0.3327
      type: 'test'
      ...
    1..3
ok 34 - Integration Tests
  ---
  duration_ms: 1.8869
  type: 'suite'
  ...
# Subtest: Cryptographic Security - Fail-Closed Behavior
    # Subtest: Case 1: crypto.getRandomValues available - Secret generated successfully
    ok 1 - Case 1: crypto.getRandomValues available - Secret generated successfully
      ---
      duration_ms: 33.9219
      type: 'test'
      ...
    # Subtest: Case 2: crypto.getRandomValues unavailable - Error thrown
    ok 2 - Case 2: crypto.getRandomValues unavailable - Error thrown
      ---
      duration_ms: 30.673
      type: 'test'
      ...
    # Subtest: Case 2a: crypto.getRandomValues function missing - Error thrown
    ok 3 - Case 2a: crypto.getRandomValues function missing - Error thrown
      ---
      duration_ms: 31.087
      type: 'test'
      ...
    # Subtest: Case 3: No weak fallback exists - Math.random() not used for secrets
    ok 4 - Case 3: No weak fallback exists - Math.random() not used for secrets
      ---
      duration_ms: 30.7481
      type: 'test'
      ...
    # Subtest: Case 4: Secret length remains correct - 32 bytes (256 bits)
    ok 5 - Case 4: Secret length remains correct - 32 bytes (256 bits)
      ---
      duration_ms: 31.8831
      type: 'test'
      ...
    # Subtest: Secrets are cryptographically random - different on each generation
    ok 6 - Secrets are cryptographically random - different on each generation
      ---
      duration_ms: 31.0633
      type: 'test'
      ...
    # Subtest: Error message is descriptive when crypto is unavailable
    ok 7 - Error message is descriptive when crypto is unavailable
      ---
      duration_ms: 30.96
      type: 'test'
      ...
    1..7
ok 35 - Cryptographic Security - Fail-Closed Behavior
  ---
  duration_ms: 221.1646
  type: 'suite'
  ...
# Subtest: tests\\serviceWorkerLeaderboard.test.mjs
ok 23 - tests\\serviceWorkerLeaderboard.test.mjs
  ---
  duration_ms: 263.4016
  type: 'test'
  ...
# [ENV] Using development fallback for: API_URL (VITE_API_URL or REACT_APP_API_URL) ΓåÆ http://localhost:8080
# share modal data guard tests passed Γ£ô
# Subtest: tests\\shareModalUtils.test.mjs
ok 24 - tests\\shareModalUtils.test.mjs
  ---
  duration_ms: 138.6455
  type: 'test'
  ...
# SpatialSeatSelector Accessibility & Keyboard Navigation tests loaded Γ£ô
# Subtest: SpatialSeatSelector Accessibility Attributes
    # Subtest: should construct aria-label containing table name, seat label, availability and tier
    ok 1 - should construct aria-label containing table name, seat label, availability and tier
      ---
      duration_ms: 0.9147
      type: 'test'
      ...
    # Subtest: should assign tabIndex based on readOnly or occupied status
    ok 2 - should assign tabIndex based on readOnly or occupied status
      ---
      duration_ms: 0.2376
      type: 'test'
      ...
    # Subtest: should assign role='button' only to selectable seats
    ok 3 - should assign role='button' only to selectable seats
      ---
      duration_ms: 0.2437
      type: 'test'
      ...
    1..3
ok 38 - SpatialSeatSelector Accessibility Attributes
  ---
  duration_ms: 2.9944
  type: 'suite'
  ...
# Subtest: SpatialSeatSelector Directional Arrow Navigation
    # Subtest: should correctly find the seat to the right (ArrowRight)
    ok 1 - should correctly find the seat to the right (ArrowRight)
      ---
      duration_ms: 0.7233
      type: 'test'
      ...
    # Subtest: should correctly find the seat below (ArrowDown)
    ok 2 - should correctly find the seat below (ArrowDown)
      ---
      duration_ms: 0.2334
      type: 'test'
      ...
    # Subtest: should correctly find the seat to the left (ArrowLeft)
    ok 3 - should correctly find the seat to the left (ArrowLeft)
      ---
      duration_ms: 0.2531
      type: 'test'
      ...
    # Subtest: should correctly find the seat above (ArrowUp)
    ok 4 - should correctly find the seat above (ArrowUp)
      ---
      duration_ms: 0.2924
      type: 'test'
      ...
    # Subtest: should return null if no seat exists in that direction
    ok 5 - should return null if no seat exists in that direction
      ---
      duration_ms: 0.4384
      type: 'test'
      ...
    1..5
ok 39 - SpatialSeatSelector Directional Arrow Navigation
  ---
  duration_ms: 2.6629
  type: 'suite'
  ...
# Subtest: SpatialSeatSelector Code Structure Integrity
    # Subtest: should include tabIndex attribute in the seat rendering g tag
    ok 1 - should include tabIndex attribute in the seat rendering g tag
      ---
      duration_ms: 2.0823
      type: 'test'
      ...
    # Subtest: should include role attribute in the seat rendering g tag
    ok 2 - should include role attribute in the seat rendering g tag
      ---
      duration_ms: 0.4691
      type: 'test'
      ...
    # Subtest: should include aria-label attribute in the seat rendering g tag
    ok 3 - should include aria-label attribute in the seat rendering g tag
      ---
      duration_ms: 0.3662
      type: 'test'
      ...
    # Subtest: should support keydown event handling on the seat g tag
    ok 4 - should support keydown event handling on the seat g tag
      ---
      duration_ms: 0.2001
      type: 'test'
      ...
    # Subtest: should support focus & blur handlers to display tooltip overlay
    ok 5 - should support focus & blur handlers to display tooltip overlay
      ---
      duration_ms: 0.1601
      type: 'test'
      ...
    1..5
ok 40 - SpatialSeatSelector Code Structure Integrity
  ---
  duration_ms: 3.8139
  type: 'suite'
  ...
# [LOG] [SSE Multiplexer] Tab eqhm2dk acquired lock and became LEADER.
# [LOG] [SSE Multiplexer] Leader tab opening physical EventSource: https://api.example.test/stream/leaderboard
# [LOG] [SSE Multiplexer] Closing inactive connection to path: /stream/leaderboard
# ≡ƒö┤ SSE Multiplexer tests failed: TypeError: Cannot read properties of undefined (reading 'SUBSCRIBE')
#     at SseMultiplexer.handleBroadcastMessage (file:///C:/Users/HP/OneDrive/Desktop/Padhai/OpenSource/WorkingOnCurrently/Fast/Eventra/src/utils/sseMultiplexer.js:262:37)
#     at runTests (file:///C:/Users/HP/OneDrive/Desktop/Padhai/OpenSource/WorkingOnCurrently/Fast/Eventra/tests/sseMultiplexer.test.mjs:199:18)
# Subtest: tests\\sseMultiplexer.test.mjs
not ok 26 - tests\\sseMultiplexer.test.mjs
  ---
  duration_ms: 149.5977
  type: 'test'
  location: 'C:\\Users\\HP\\OneDrive\\Desktop\\Padhai\\OpenSource\\WorkingOnCurrently\\Fast\\Eventra\\tests\\sseMultiplexer.test.mjs:1:1'
  failureType: 'testCodeFailure'
  exitCode: 1
  signal: ~
  error: 'test failed'
  code: 'ERR_TEST_FAILURE'
  ...
# submitProjectValidation tests passed Γ£ô
# Subtest: tests\\submitProjectValidation.test.mjs
ok 27 - tests\\submitProjectValidation.test.mjs
  ---
  duration_ms: 116.8616
  type: 'test'
  ...
# theme consistency styles verified
# Subtest: tests\\themeConsistency.test.mjs
ok 28 - tests\\themeConsistency.test.mjs
  ---
  duration_ms: 124.1793
  type: 'test'
  ...
# Subtest: useContrastChecker ΓÇö source contract
    # Subtest: exports useContrastChecker as default export or named export
    ok 1 - exports useContrastChecker as default export or named export
      ---
      duration_ms: 1.6814
      type: 'test'
      ...
    # Subtest: uses useMemo to optimize calculation
    ok 2 - uses useMemo to optimize calculation
      ---
      duration_ms: 0.1728
      type: 'test'
      ...
    # Subtest: checks for the 4.5:1 accessibility threshold
    ok 3 - checks for the 4.5:1 accessibility threshold
      ---
      duration_ms: 0.141
      type: 'test'
      ...
    # Subtest: calculates luminance according to WCAG guidelines
    ok 4 - calculates luminance according to WCAG guidelines
      ---
      duration_ms: 0.2071
      type: 'test'
      ...
    1..4
ok 44 - useContrastChecker ΓÇö source contract
  ---
  duration_ms: 3.5261
  type: 'suite'
  ...
# Subtest: tests\\userNameUtils.test.mjs
ok 30 - tests\\userNameUtils.test.mjs
  ---
  duration_ms: 101.3444
  type: 'test'
  ...
1..45
# tests 138
# suites 30
# pass 137
# fail 1
# cancelled 0
# skipped 0
# todo 0
# duration_ms 1770.9694
